[
    "PYSPARK_PYTHON=python3.7",
    "spark-submit",
    "--master",
    "yarn",
    "--conf",
    "spark.yarn.maxAppAttempts=1",
    "--files",
    "hdfs://analytics-hadoop/wmf/data/discovery/ores/thresholds/articletopic/20380117.json#thresholds.json",
    "--name",
    "airflow-spark",
    "--queue",
    "root.default",
    "/path/to/wikimedia/discovery/analytics/repo/spark/prepare_mw_rev_score.py",
    "--input-table",
    "event.mediawiki_revision_score",
    "--output-table",
    "discovery.ores_articletopic",
    "--start-date",
    "2038-01-17",
    "--end-date",
    "2038-01-24",
    "--thresholds-path",
    "thresholds.json",
    "--prediction",
    "articletopic"
]