[
    "spark-submit",
    "--master",
    "yarn",
    "--conf",
    "spark.dynamicAllocation.maxExecutors=200",
    "--conf",
    "spark.sql.executor.memoryOverhead=640M",
    "--conf",
    "spark.sql.shuffle.partitions=200",
    "--conf",
    "spark.sql.shuffle.service.enabled=true",
    "--conf",
    "spark.yarn.maxAppAttempts=1",
    "--executor-cores",
    "3",
    "--executor-memory",
    "6G",
    "--driver-memory",
    "1G",
    "--name",
    "airflow-spark",
    "--queue",
    "root.default",
    "/path/to/wikimedia/discovery/analytics/repo/artifacts/glent-0.1.1-jar-with-dependencies.jar",
    "m1prep",
    "--wmf-log-name",
    "event.mediawiki_cirrussearch_request",
    "--log-ts-from",
    "2038-01-17T00:00:00Z",
    "--log-ts-to",
    "2038-01-24T00:00:00Z",
    "--max-n-queries-per-ident",
    "2000",
    "--map-wikiid-to-lang-name",
    "canonical_data.wikis",
    "--input-table",
    "glent.m1prep",
    "--input-partition",
    "20380117",
    "--earliest-legal-ts",
    "2038-04-04T00:00:00Z",
    "--output-table",
    "glent.m1prep",
    "--output-partition",
    "20380124"
]