[
    "spark-submit",
    "--master",
    "yarn",
    "--conf",
    "spark.dynamicAllocation.maxExecutors=70",
    "--conf",
    "spark.sql.executor.memoryOverhead=640M",
    "--conf",
    "spark.sql.shuffle.partitions=200",
    "--conf",
    "spark.sql.shuffle.service.enabled=true",
    "--conf",
    "spark.yarn.maxAppAttempts=1",
    "--executor-cores",
    "3",
    "--executor-memory",
    "6G",
    "--driver-memory",
    "1G",
    "--name",
    "airflow-spark",
    "--queue",
    "root.default",
    "/srv/deployment/wikimedia/discovery/analytics/artifacts/glent-0.2.2-jar-with-dependencies.jar",
    "m0run",
    "--input-table",
    "glent.m0prep",
    "--input-partition",
    "20380124",
    "--output-table",
    "glent.suggestions",
    "--output-partition",
    "20380124",
    "--max-output-partitions",
    "5"
]