[
    "spark-submit",
    "--master",
    "yarn",
    "--conf",
    "spark.dynamicAllocation.maxExecutors=70",
    "--conf",
    "spark.sql.executor.memoryOverhead=640M",
    "--conf",
    "spark.sql.shuffle.partitions=200",
    "--conf",
    "spark.sql.shuffle.service.enabled=true",
    "--conf",
    "spark.yarn.maxAppAttempts=1",
    "--executor-cores",
    "3",
    "--executor-memory",
    "6G",
    "--driver-memory",
    "1G",
    "--name",
    "airflow-spark",
    "--queue",
    "root.default",
    "/srv/deployment/wikimedia/discovery/analytics/artifacts/glent-0.2.3-jar-with-dependencies.jar",
    "esbulk",
    "--input-table",
    "glent.suggestions",
    "--input-partition",
    "20380124",
    "--output-path",
    "hdfs://analytics-hadoop/tmp/glent_weekly_2038-01-17/esbulk"
]