[
    "spark-submit",
    "--master",
    "yarn",
    "--conf",
    "spark.driver.maxResultSize=4096M",
    "--conf",
    "spark.dynamicAllocation.maxExecutors=50",
    "--conf",
    "spark.sql.executor.memoryOverhead=640M",
    "--conf",
    "spark.sql.shuffle.partitions=200",
    "--conf",
    "spark.sql.shuffle.service.enabled=true",
    "--conf",
    "spark.yarn.maxAppAttempts=1",
    "--executor-cores",
    "16",
    "--executor-memory",
    "16G",
    "--driver-memory",
    "32G",
    "--name",
    "airflow-spark",
    "--queue",
    "root.default",
    "/srv/deployment/wikimedia/discovery/analytics/artifacts/glent-0.2.3-jar-with-dependencies.jar",
    "m1run.candidates",
    "--input-table",
    "glent.m1prep",
    "--input-partition",
    "20200502",
    "--output-directory",
    "hdfs://analytics-hadoop/tmp/glent_weekly_2020-04-25/query_similarity_candidates",
    "--num-fst",
    "1"
]