[
    "spark-submit",
    "--master",
    "yarn",
    "--conf",
    "spark.dynamicAllocation.maxExecutors=25",
    "--conf",
    "spark.yarn.maxAppAttempts=1",
    "--executor-cores",
    "8",
    "--executor-memory",
    "16g",
    "--driver-memory",
    "2g",
    "--name",
    "airflow-spark",
    "--class",
    "org.wikidata.query.rdf.spark.WikidataTurtleDumpConverter",
    "--queue",
    "root.default",
    "/srv/deployment/wikimedia/discovery/analytics/artifacts/rdf-spark-tools-latest-jar-with-dependencies.jar",
    "--input-path",
    "hdfs://analytics-hadoop/wmf/data/raw/wikidata/dumps/all_ttl/20380120/wikidata-20380120-all-BETA.ttl.bz2,hdfs://analytics-hadoop/wmf/data/raw/wikidata/dumps/lexemes_ttl/20380117/wikidata-20380117-lexemes-BETA.ttl.bz2",
    "--output-table",
    "discovery.wikidata_rdf/date=20380120",
    "--skolemize"
]