[
    "PYSPARK_PYTHON=python3.7",
    "spark-submit",
    "--master",
    "yarn",
    "--conf",
    "spark.dynamicAllocation.maxExecutors=20",
    "--conf",
    "spark.yarn.maxAppAttempts=1",
    "--files",
    "hdfs:///wmf/data/discovery/ores/thresholds/drafttopic_20380117.json#thresholds.json",
    "--py-files",
    "/srv/deployment/wikimedia/discovery/analytics/spark/wmf_spark.py",
    "--name",
    "airflow-spark",
    "--queue",
    "root.default",
    "/srv/deployment/wikimedia/discovery/analytics/spark/prepare_mw_rev_score.py",
    "--input-partition",
    "event.mediawiki_revision_score/@2038-01-17/2038-01-24",
    "--input-kind",
    "mediawiki_revision_score",
    "--output-partition",
    "discovery.ores_drafttopic/year=2038/month=1/day=17",
    "--thresholds-path",
    "thresholds.json",
    "--prediction",
    "drafttopic"
]