[
    "spark-submit",
    "--master",
    "yarn",
    "--conf",
    "spark.dynamicAllocation.maxExecutors=112",
    "--conf",
    "spark.executor.cores=4",
    "--conf",
    "spark.executor.memory=6g",
    "--conf",
    "spark.jars.ivySettings=/etc/maven/ivysettings.xml",
    "--conf",
    "spark.pyspark.python=mjolnir_venv/bin/python",
    "--conf",
    "spark.sql.shuffle.partitions=5000",
    "--conf",
    "spark.yarn.maxAppAttempts=1",
    "--archives",
    "hdfs://analytics-hadoop/user/ebernhardson/mjolnir_venv.zip#mjolnir_venv",
    "--jars",
    "hdfs://analytics-hadoop/wmf/refinery/current/artifacts/refinery-hive.jar",
    "--packages",
    "org.wikimedia.search:mjolnir:0.5-SNAPSHOT",
    "--driver-memory",
    "2g",
    "--name",
    "mjolnir-dbn-norm_query-20191015-spark",
    "--queue",
    "root.default",
    "hdfs://analytics-hadoop/user/ebernhardson/discovery-analytics/current/spark/mjolnir-utilities.py",
    "dbn",
    "--date",
    "20191015",
    "--output-path",
    "hdfs://pytest/path/to/output",
    "--clicks-table",
    "mjolnir.query_clicks_ltr",
    "--clustering-algo",
    "norm_query",
    "--clustering-table",
    "mjolnir.query_clustering",
    "--output-table",
    "mjolnir.labeled_query_page"
]