[
    "event.searchsatisfaction/datacenter=eqiad/year=2021/month=2/day=18/hour=0",
    "event.searchsatisfaction/datacenter=codfw/year=2021/month=2/day=18/hour=0"
]