[
    "event.mediawiki_cirrussearch_request/datacenter=eqiad/year=2021/month=2/day=18/hour=0",
    "event.mediawiki_cirrussearch_request/datacenter=codfw/year=2021/month=2/day=18/hour=0"
]