[
    "event.mediawiki_revision_recommendation_create/datacenter=eqiad/year=2020/month=1/day=8/hour=0",
    "event.mediawiki_revision_recommendation_create/datacenter=codfw/year=2020/month=1/day=8/hour=0"
]