[
    "event.mediawiki_revision_score/datacenter=eqiad/year=2021/month=1/day=24/hour=0",
    "event.mediawiki_revision_score/datacenter=codfw/year=2021/month=1/day=24/hour=0"
]