[
    "event.wdqs_external_sparql_query/datacenter=eqiad/year=2021/month=6/day=1/hour=0",
    "event.wdqs_external_sparql_query/datacenter=codfw/year=2021/month=6/day=1/hour=0"
]