
CREATE TABLE IF NOT EXISTS discovery.ores_articletopic (
    `wikiid` string COMMENT 'MediaWiki database name',
    `page_id` int COMMENT 'MediaWiki page_id',
    `page_namespace` int COMMENT 'MediaWiki namespace page_id belongs to',
    `articletopic` array<string> COMMENT 'ores articletopic predictions formatted as name|int_score for elasticsearch ingestion'
)
PARTITIONED BY (
    `source` string COMMENT 'Name of process staging this partition',

`year` int COMMENT 'Year collection starts at',
`month` int COMMENT 'Month collection starts at',
`day` int COMMENT 'Day collection starts at',
    `hour` int COMMENT 'Hour collection starts at'
)
STORED AS PARQUET
LOCATION 'hdfs:///wmf/data/discovery/ores/articletopic'
;

CREATE TABLE IF NOT EXISTS discovery.ores_drafttopic (
    `wikiid` string COMMENT 'MediaWiki database name',
    `page_id` int COMMENT 'MediaWiki page_id',
    `page_namespace` int COMMENT 'MediaWiki namespace page_id belongs to',
    `drafttopic` array<string> COMMENT 'ores draftopic predictions formatted as name|int_score for elasticsearch ingestion'
)
PARTITIONED BY (
    `source` string COMMENT 'Name of process staging this partition',

`year` int COMMENT 'Year collection starts at',
`month` int COMMENT 'Month collection starts at',
`day` int COMMENT 'Day collection starts at',
    `hour` int COMMENT 'Hour collection starts at'
)
STORED AS PARQUET
LOCATION 'hdfs:///wmf/data/discovery/ores/drafttopic'
;

ALTER TABLE discovery.ores_scores_export RENAME TO discovery.ores_scores_export_old;
CREATE TABLE IF NOT EXISTS discovery.ores_scores_export (
    `page_id` int COMMENT 'MediaWiki page_id',
    `probability` map<string,float> COMMENT 'predicted classification as key, confidence as value'
)
PARTITIONED BY (
    `wikiid` string COMMENT 'MediaWiki database name',
    `model` string COMMENT 'ORES model that produced predictions',
    `page_namespace` int COMMENT 'MediaWiki namespace page_id belongs to',

`year` int COMMENT 'Year collection starts at',
`month` int COMMENT 'Month collection starts at',
`day` int COMMENT 'Day collection starts at'
)
STORED AS PARQUET
LOCATION 'hdfs:///wmf/data/discovery/ores/scores_export_v2'
;

CREATE TABLE IF NOT EXISTS discovery.wikibase_item (
    `wikiid` string COMMENT 'MediaWiki database name',
    `page_id` int COMMENT 'MediaWiki page_id',
    `page_namespace` int COMMENT 'MediaWiki namespace page_id belongs to',
    `wikibase_item` string COMMENT 'wikibase_item page property from mediawiki database'
)
PARTITIONED BY (
    `date` string COMMENT 'airflow execution_date of populating task'
)
STORED AS PARQUET
LOCATION 'hdfs:///wmf/data/discovery/ores/wikibase_item_v3'
